// Jest Snapshot v1, https://goo.gl/fbAQLP

exports[`should render ExpenseListItem with details 1`] = `
<div>
  <Link
    to="/edit/2"
  >
    <h3>
      Rent
    </h3>
  </Link>
  <p>
    1925
     - 
    -259200000
  </p>
</div>
`;
